[identifiers genericized for publication - measurements unmodified]
=== PUBLISHED AS CAMPAIGN c3 — read this first
===
=== Every "c2" in the lines below is this driver's internal label for its own
=== campaign. It is published as `c3` because a DIFFERENT campaign had already
=== been collected under the name `c2` on 2026-08-04 — the eng arm of
=== g2-baseline §9.6 — and was recovered and published in the same turn that ran
=== this one. Two campaigns could not both be `c2`. This prologue is prepended,
=== and the only other change to the log is the one the line above this block
=== declares: host, container and project NAMES were replaced with neutral
=== stand-ins for publication. No measurement, timing, count or verdict moved.
===
=== c3 arms: head = d66e4953390b838b2d8848d08d734356df634488
===          cur  = ce52d2f9
=== c3 cells: c3-head-obson, c3-cur-obson
===
=== campaign c2 obs=on seq='head cur cur head [+ head cur]' started 2026-08-05T04:13:10+00:00
=== arms: head=d66e4953390b838b2d8848d08d734356df634488 (the tree the PR ships), cur=ce52d2f9 (g2-baseline §9.4's cur arm)
=== measure.sh sha256 identical across head, cur and the worktree: 6f1155ed1640b3ac7c63654e2955552cae39dd22b3a7d2cb6ebc06909c4a182c
=== host at campaign start:  04:13:10 up 6 days, 23:51, 4 users, load average: 8.10, 6.30, 6.02
=== free: total=39136MB available=33756MB
=== loadavg: 8.10 6.30 6.02 3/1973 42075
=== containers (20): tenant-g-web-1,tenant-b-indexer-1,tenant-b-gpu-runtime-1,tenant-c-web-1,tenant-f-web-1,tenant-f-worker-1,gpu-desktop-steam-1,tenant-g-topology-1,tenant-b-web-1,tenant-b-collector-1,dis-gotth-live-dev,dis-protobuf-refinement-types-dev,tenant-a-docs-1,tenant-d-web-1,tenant-h-chat-1,tenant-h-meilisearch-1,tenant-h-mongodb-1,tenant-e-docker-1,tenant-e-runner-1,tenant-e-web-1
=== gpu-desktop-steam-1: no interactive session — log's most recent events are controller peer disconnect, media pipeline stopped, signalling client re-registered and waiting. CPU 372.37%, NetIO 244MB / 468MB
=== this project: one other agent editing docs/pm/** and docs/dependencies.md in the shared worktree (docs only, no heavy suites)
--- c2 step01: arm=head obs=on tree=/tmp/g2c2/head/gotth-live 2026-08-05T04:13:15+00:00 load=7.53 6.21 5.99
--- c2 step01: containers=20 steam_netio=244MB / 468MB steam_cpu=365.54%

[1m==> building memsrv and memdrv into /tmp/g2-bin.QiDMkXBP (outside the measured container)[0m
go: downloading go.opentelemetry.io/otel/sdk/metric v1.45.0
go: downloading go.opentelemetry.io/otel/sdk v1.45.0
go: downloading go.opentelemetry.io/otel/trace v1.45.0
go: downloading go.opentelemetry.io/otel/metric v1.45.0
go: downloading go.opentelemetry.io/otel v1.45.0
go: downloading github.com/coder/websocket v1.8.15
go: downloading github.com/cespare/xxhash/v2 v2.3.0
go: downloading github.com/go-logr/logr v1.4.4
go: downloading github.com/google/uuid v1.6.0
go: downloading golang.org/x/sys v0.47.0
go: downloading go.opentelemetry.io/auto/sdk v1.2.1
go: downloading github.com/go-logr/stdr v1.2.2

[1m==> cell n1000-obs-on: 1 run(s), N=1000, settle 240 s, window 60 s[0m
    image dis-gotth-live:latest (sha256:e146d50d5de6cb0cf179302017b7f314272c75371b4000eb82e1b3478b38d317)
    git unknown (dirty=true)
    sut cpus 24-27 (4 cores), driver cpus 28-31, memory 2g
    GOGC=100 GOMEMLIMIT=2GiB

[1m==> run n1000-obs-on-r01: m0 window, 0 session(s)[0m
    cgroup: /sys/fs/cgroup/system.slice/docker-25e79f5c1d0e41c36d98bf46604e43794f52b4786c24e796bccc6a62ba23e534.scope
    TLS boundary: outside (0 listeners, plaintext yes, TLS handshake refused)
    warm-up: 200 full-page loads from the driver cpuset
    settling 240 s, then sampling 60 times at 1 Hz

[1m==> run n1000-obs-on-r01: mn window, 1000 session(s)[0m
    cgroup: /sys/fs/cgroup/system.slice/docker-aec139182df2f9b0c53b68d177ddeafe01aaf1768990ec2dd095a52f22cf5dbb.scope
    TLS boundary: outside (0 listeners, plaintext yes, TLS handshake refused)
    warm-up: 200 full-page loads from the driver cpuset
    established: 1000 idle sessions
    settling 240 s, then sampling 60 times at 1 Hz
    wrote /tmp/g2c2/scratch.DHunxw/n1000-obs-on-r01/run.json

[1m==> cell n1000-obs-on complete: /tmp/g2c2/scratch.DHunxw[0m
compute the figure with:
  docker run --rm -v "/tmp/g2c2/head/gotth-live:/w" -v "/tmp/g2c2/scratch.DHunxw:/cell" -w /w/test/memory dis-gotth-live:latest \
      bash -c 'go run ./cmd/memstat -cell /cell'
--- c2 step01: arm=head done 2026-08-05T04:23:59+00:00 -> /tmp/g2c2/cells/c2-head-obson/step01 load=2.29 3.68 4.86
--- c2 step02: arm=cur obs=on tree=/tmp/g2c2/cur/gotth-live 2026-08-05T04:23:59+00:00 load=2.29 3.68 4.86
--- c2 step02: containers=20 steam_netio=244MB / 469MB steam_cpu=376.70%

[1m==> building memsrv and memdrv into /tmp/g2-bin.0g2xtViR (outside the measured container)[0m
go: downloading go.opentelemetry.io/otel/sdk v1.45.0
go: downloading go.opentelemetry.io/otel/trace v1.45.0
go: downloading go.opentelemetry.io/otel/sdk/metric v1.45.0
go: downloading go.opentelemetry.io/otel/metric v1.45.0
go: downloading go.opentelemetry.io/otel v1.45.0
go: downloading github.com/coder/websocket v1.8.15
go: downloading github.com/cespare/xxhash/v2 v2.3.0
go: downloading github.com/go-logr/logr v1.4.4
go: downloading go.opentelemetry.io/auto/sdk v1.2.1
go: downloading github.com/go-logr/stdr v1.2.2
go: downloading golang.org/x/sys v0.47.0
go: downloading github.com/google/uuid v1.6.0

[1m==> cell n1000-obs-on: 1 run(s), N=1000, settle 240 s, window 60 s[0m
    image dis-gotth-live:latest (sha256:e146d50d5de6cb0cf179302017b7f314272c75371b4000eb82e1b3478b38d317)
    git unknown (dirty=true)
    sut cpus 24-27 (4 cores), driver cpus 28-31, memory 2g
    GOGC=100 GOMEMLIMIT=2GiB

[1m==> run n1000-obs-on-r01: m0 window, 0 session(s)[0m
    cgroup: /sys/fs/cgroup/system.slice/docker-81c04be40f94fad5d9b69750bf946e5bf77464ddc1af1596bd48a0312c0c4dc3.scope
    TLS boundary: outside (0 listeners, plaintext yes, TLS handshake refused)
    warm-up: 200 full-page loads from the driver cpuset
    settling 240 s, then sampling 60 times at 1 Hz

[1m==> run n1000-obs-on-r01: mn window, 1000 session(s)[0m
    cgroup: /sys/fs/cgroup/system.slice/docker-ec116c796e3c9ef3e96ade6cf6fc269d9c27e8d46077ffb4d40061cff7221e34.scope
    TLS boundary: outside (0 listeners, plaintext yes, TLS handshake refused)
    warm-up: 200 full-page loads from the driver cpuset
    established: 1000 idle sessions
    settling 240 s, then sampling 60 times at 1 Hz
    wrote /tmp/g2c2/scratch.Coi2ln/n1000-obs-on-r01/run.json

[1m==> cell n1000-obs-on complete: /tmp/g2c2/scratch.Coi2ln[0m
compute the figure with:
  docker run --rm -v "/tmp/g2c2/cur/gotth-live:/w" -v "/tmp/g2c2/scratch.Coi2ln:/cell" -w /w/test/memory dis-gotth-live:latest \
      bash -c 'go run ./cmd/memstat -cell /cell'
--- c2 step02: arm=cur done 2026-08-05T04:34:42+00:00 -> /tmp/g2c2/cells/c2-cur-obson/step02 load=8.29 5.69 5.17
=== c2 sequence complete 2026-08-05T04:34:42+00:00
--- c2 step03: arm=cur obs=on tree=/tmp/g2c2/cur/gotth-live 2026-08-05T04:34:50+00:00 load=8.35 5.75 5.19
--- c2 step03: containers=20 steam_netio=244MB / 470MB steam_cpu=379.22%

[1m==> building memsrv and memdrv into /tmp/g2-bin.WA4C70BF (outside the measured container)[0m
go: downloading go.opentelemetry.io/otel/trace v1.45.0
go: downloading go.opentelemetry.io/otel/sdk/metric v1.45.0
go: downloading go.opentelemetry.io/otel/sdk v1.45.0
go: downloading go.opentelemetry.io/otel/metric v1.45.0
go: downloading go.opentelemetry.io/otel v1.45.0
go: downloading github.com/coder/websocket v1.8.15
go: downloading github.com/google/uuid v1.6.0
go: downloading golang.org/x/sys v0.47.0
go: downloading github.com/cespare/xxhash/v2 v2.3.0
go: downloading github.com/go-logr/logr v1.4.4
go: downloading go.opentelemetry.io/auto/sdk v1.2.1
go: downloading github.com/go-logr/stdr v1.2.2

[1m==> cell n1000-obs-on: 1 run(s), N=1000, settle 240 s, window 60 s[0m
    image dis-gotth-live:latest (sha256:e146d50d5de6cb0cf179302017b7f314272c75371b4000eb82e1b3478b38d317)
    git unknown (dirty=true)
    sut cpus 24-27 (4 cores), driver cpus 28-31, memory 2g
    GOGC=100 GOMEMLIMIT=2GiB

[1m==> run n1000-obs-on-r01: m0 window, 0 session(s)[0m
    cgroup: /sys/fs/cgroup/system.slice/docker-aa56e5afdf5bb6e9f55a459afcbf0a874b04607490d9555e95e7a270d064e59e.scope
    TLS boundary: outside (0 listeners, plaintext yes, TLS handshake refused)
    warm-up: 200 full-page loads from the driver cpuset
    settling 240 s, then sampling 60 times at 1 Hz

[1m==> run n1000-obs-on-r01: mn window, 1000 session(s)[0m
    cgroup: /sys/fs/cgroup/system.slice/docker-17f449f62e3c3ab514db9410a30803162f1d63f7c915953920dbe0edbb6b3e32.scope
    TLS boundary: outside (0 listeners, plaintext yes, TLS handshake refused)
    warm-up: 200 full-page loads from the driver cpuset
    established: 1000 idle sessions
    settling 240 s, then sampling 60 times at 1 Hz
    wrote /tmp/g2c2/scratch.M1h0CT/n1000-obs-on-r01/run.json

[1m==> cell n1000-obs-on complete: /tmp/g2c2/scratch.M1h0CT[0m
compute the figure with:
  docker run --rm -v "/tmp/g2c2/cur/gotth-live:/w" -v "/tmp/g2c2/scratch.M1h0CT:/cell" -w /w/test/memory dis-gotth-live:latest \
      bash -c 'go run ./cmd/memstat -cell /cell'
--- c2 step03: arm=cur done 2026-08-05T04:45:33+00:00 -> /tmp/g2c2/cells/c2-cur-obson/step03 load=3.70 4.20 4.64
--- c2 step04: arm=head obs=on tree=/tmp/g2c2/head/gotth-live 2026-08-05T04:45:33+00:00 load=3.70 4.20 4.64
--- c2 step04: containers=20 steam_netio=244MB / 470MB steam_cpu=371.91%

[1m==> building memsrv and memdrv into /tmp/g2-bin.Br7pB7nN (outside the measured container)[0m
go: downloading go.opentelemetry.io/otel/sdk v1.45.0
go: downloading go.opentelemetry.io/otel/trace v1.45.0
go: downloading go.opentelemetry.io/otel/sdk/metric v1.45.0
go: downloading go.opentelemetry.io/otel/metric v1.45.0
go: downloading go.opentelemetry.io/otel v1.45.0
go: downloading github.com/coder/websocket v1.8.15
go: downloading github.com/go-logr/logr v1.4.4
go: downloading github.com/cespare/xxhash/v2 v2.3.0
go: downloading github.com/go-logr/stdr v1.2.2
go: downloading go.opentelemetry.io/auto/sdk v1.2.1
go: downloading github.com/google/uuid v1.6.0
go: downloading golang.org/x/sys v0.47.0

[1m==> cell n1000-obs-on: 1 run(s), N=1000, settle 240 s, window 60 s[0m
    image dis-gotth-live:latest (sha256:e146d50d5de6cb0cf179302017b7f314272c75371b4000eb82e1b3478b38d317)
    git unknown (dirty=true)
    sut cpus 24-27 (4 cores), driver cpus 28-31, memory 2g
    GOGC=100 GOMEMLIMIT=2GiB

[1m==> run n1000-obs-on-r01: m0 window, 0 session(s)[0m
    cgroup: /sys/fs/cgroup/system.slice/docker-d5b166046bd5e1bafde0c26da127effd832dcd880d90059a20cddb528fe5826e.scope
    TLS boundary: outside (0 listeners, plaintext yes, TLS handshake refused)
    warm-up: 200 full-page loads from the driver cpuset
    settling 240 s, then sampling 60 times at 1 Hz

[1m==> run n1000-obs-on-r01: mn window, 1000 session(s)[0m
    cgroup: /sys/fs/cgroup/system.slice/docker-eeea55ffc09ae3aa5f2765c527ee100b29d57ce6924d1ef7279716a075529d0c.scope
    TLS boundary: outside (0 listeners, plaintext yes, TLS handshake refused)
    warm-up: 200 full-page loads from the driver cpuset
    established: 1000 idle sessions
    settling 240 s, then sampling 60 times at 1 Hz
    wrote /tmp/g2c2/scratch.qPY3Nv/n1000-obs-on-r01/run.json

[1m==> cell n1000-obs-on complete: /tmp/g2c2/scratch.qPY3Nv[0m
compute the figure with:
  docker run --rm -v "/tmp/g2c2/head/gotth-live:/w" -v "/tmp/g2c2/scratch.qPY3Nv:/cell" -w /w/test/memory dis-gotth-live:latest \
      bash -c 'go run ./cmd/memstat -cell /cell'
--- c2 step04: arm=head done 2026-08-05T04:56:16+00:00 -> /tmp/g2c2/cells/c2-head-obson/step04 load=8.52 4.97 4.54
=== c2 sequence complete 2026-08-05T04:56:16+00:00
--- c2 step05: arm=head obs=on tree=/tmp/g2c2/head/gotth-live 2026-08-05T04:56:30+00:00 load=7.43 4.86 4.51
--- c2 step05: containers=20 steam_netio=244MB / 471MB steam_cpu=377.43%

[1m==> building memsrv and memdrv into /tmp/g2-bin.Ru4i16m9 (outside the measured container)[0m
go: downloading go.opentelemetry.io/otel/sdk/metric v1.45.0
go: downloading go.opentelemetry.io/otel/sdk v1.45.0
go: downloading go.opentelemetry.io/otel/trace v1.45.0
go: downloading go.opentelemetry.io/otel/metric v1.45.0
go: downloading go.opentelemetry.io/otel v1.45.0
go: downloading github.com/coder/websocket v1.8.15
go: downloading github.com/cespare/xxhash/v2 v2.3.0
go: downloading github.com/go-logr/stdr v1.2.2
go: downloading github.com/go-logr/logr v1.4.4
go: downloading go.opentelemetry.io/auto/sdk v1.2.1
go: downloading github.com/google/uuid v1.6.0
go: downloading golang.org/x/sys v0.47.0

[1m==> cell n1000-obs-on: 1 run(s), N=1000, settle 240 s, window 60 s[0m
    image dis-gotth-live:latest (sha256:e146d50d5de6cb0cf179302017b7f314272c75371b4000eb82e1b3478b38d317)
    git unknown (dirty=true)
    sut cpus 24-27 (4 cores), driver cpus 28-31, memory 2g
    GOGC=100 GOMEMLIMIT=2GiB

[1m==> run n1000-obs-on-r01: m0 window, 0 session(s)[0m
    cgroup: /sys/fs/cgroup/system.slice/docker-a34293de902511b7e3021dc47c6ef1f37f22d35a5fbe964238b5562c8be79aab.scope
    TLS boundary: outside (0 listeners, plaintext yes, TLS handshake refused)
    warm-up: 200 full-page loads from the driver cpuset
    settling 240 s, then sampling 60 times at 1 Hz

[1m==> run n1000-obs-on-r01: mn window, 1000 session(s)[0m
    cgroup: /sys/fs/cgroup/system.slice/docker-c1cfe052eae26d505f83d03a1d57a738dcfbdb4f153c43059441ac61b32672db.scope
    TLS boundary: outside (0 listeners, plaintext yes, TLS handshake refused)
    warm-up: 200 full-page loads from the driver cpuset
    established: 1000 idle sessions
    settling 240 s, then sampling 60 times at 1 Hz
    wrote /tmp/g2c2/scratch.wv1zFM/n1000-obs-on-r01/run.json

[1m==> cell n1000-obs-on complete: /tmp/g2c2/scratch.wv1zFM[0m
compute the figure with:
  docker run --rm -v "/tmp/g2c2/head/gotth-live:/w" -v "/tmp/g2c2/scratch.wv1zFM:/cell" -w /w/test/memory dis-gotth-live:latest \
      bash -c 'go run ./cmd/memstat -cell /cell'
--- c2 step05: arm=head done 2026-08-05T05:07:14+00:00 -> /tmp/g2c2/cells/c2-head-obson/step05 load=4.71 4.67 4.66
--- c2 step06: arm=cur obs=on tree=/tmp/g2c2/cur/gotth-live 2026-08-05T05:07:14+00:00 load=4.71 4.67 4.66
--- c2 step06: containers=20 steam_netio=244MB / 471MB steam_cpu=390.42%

[1m==> building memsrv and memdrv into /tmp/g2-bin.JimZdoyk (outside the measured container)[0m
go: downloading go.opentelemetry.io/otel/sdk v1.45.0
go: downloading go.opentelemetry.io/otel/trace v1.45.0
go: downloading go.opentelemetry.io/otel/sdk/metric v1.45.0
go: downloading go.opentelemetry.io/otel/metric v1.45.0
go: downloading go.opentelemetry.io/otel v1.45.0
go: downloading github.com/coder/websocket v1.8.15
go: downloading github.com/cespare/xxhash/v2 v2.3.0
go: downloading github.com/go-logr/logr v1.4.4
go: downloading github.com/go-logr/stdr v1.2.2
go: downloading go.opentelemetry.io/auto/sdk v1.2.1
go: downloading github.com/google/uuid v1.6.0
go: downloading golang.org/x/sys v0.47.0

[1m==> cell n1000-obs-on: 1 run(s), N=1000, settle 240 s, window 60 s[0m
    image dis-gotth-live:latest (sha256:e146d50d5de6cb0cf179302017b7f314272c75371b4000eb82e1b3478b38d317)
    git unknown (dirty=true)
    sut cpus 24-27 (4 cores), driver cpus 28-31, memory 2g
    GOGC=100 GOMEMLIMIT=2GiB

[1m==> run n1000-obs-on-r01: m0 window, 0 session(s)[0m
    cgroup: /sys/fs/cgroup/system.slice/docker-7b2e2722d54ace856778ce9b55eb1269448a9f4642c5835ec04bd13a35ff76d9.scope
    TLS boundary: outside (0 listeners, plaintext yes, TLS handshake refused)
    warm-up: 200 full-page loads from the driver cpuset
    settling 240 s, then sampling 60 times at 1 Hz
=== extension decided 2026-08-05T05:08 UTC: the 3-run head cell pooled 45,768.7 B against a 46,080 B gate — a 0.68 % margin against a 3.0 % run-to-run spread, with one of the three runs (46,145.5 B) itself over the gate. Both arms are extended to §6's five runs, interleaved head cur head cur as slots 07-10, before any verdict is written. The observability-off cell at head follows as slots 11-12.
=== stopping rule, fixed now and not revisited: the head and cur obs-on cells stop at FIVE runs each (slots 01-10), whatever the five say. §6 asks for five runs per cell and the 3-run cell was short of it; extending toward the spec's own run count is method-conforming, and extending PAST it after seeing a number would not be. The 3-run pooled figure (45,768.7 B) is published alongside the 5-run one either way.

[1m==> run n1000-obs-on-r01: mn window, 1000 session(s)[0m
    cgroup: /sys/fs/cgroup/system.slice/docker-46488a8fbdc561af8cf511d1290e6306b2887ab08b1de98dc79c593eaf477e00.scope
    TLS boundary: outside (0 listeners, plaintext yes, TLS handshake refused)
    warm-up: 200 full-page loads from the driver cpuset
    established: 1000 idle sessions
    settling 240 s, then sampling 60 times at 1 Hz
    wrote /tmp/g2c2/scratch.CxpWWH/n1000-obs-on-r01/run.json

[1m==> cell n1000-obs-on complete: /tmp/g2c2/scratch.CxpWWH[0m
compute the figure with:
  docker run --rm -v "/tmp/g2c2/cur/gotth-live:/w" -v "/tmp/g2c2/scratch.CxpWWH:/cell" -w /w/test/memory dis-gotth-live:latest \
      bash -c 'go run ./cmd/memstat -cell /cell'
--- c2 step06: arm=cur done 2026-08-05T05:17:57+00:00 -> /tmp/g2c2/cells/c2-cur-obson/step06 load=5.50 4.87 4.85
=== c2 sequence complete 2026-08-05T05:17:57+00:00
--- c2 step07: arm=head obs=on tree=/tmp/g2c2/head/gotth-live 2026-08-05T05:18:15+00:00 load=4.86 4.76 4.81
--- c2 step07: containers=20 steam_netio=245MB / 472MB steam_cpu=372.35%

[1m==> building memsrv and memdrv into /tmp/g2-bin.rDs5imeQ (outside the measured container)[0m
go: downloading go.opentelemetry.io/otel/sdk/metric v1.45.0
go: downloading go.opentelemetry.io/otel/trace v1.45.0
go: downloading go.opentelemetry.io/otel/sdk v1.45.0
go: downloading go.opentelemetry.io/otel/metric v1.45.0
go: downloading go.opentelemetry.io/otel v1.45.0
go: downloading github.com/coder/websocket v1.8.15
go: downloading github.com/cespare/xxhash/v2 v2.3.0
go: downloading github.com/go-logr/logr v1.4.4
go: downloading github.com/go-logr/stdr v1.2.2
go: downloading go.opentelemetry.io/auto/sdk v1.2.1
go: downloading github.com/google/uuid v1.6.0
go: downloading golang.org/x/sys v0.47.0

[1m==> cell n1000-obs-on: 1 run(s), N=1000, settle 240 s, window 60 s[0m
    image dis-gotth-live:latest (sha256:e146d50d5de6cb0cf179302017b7f314272c75371b4000eb82e1b3478b38d317)
    git unknown (dirty=true)
    sut cpus 24-27 (4 cores), driver cpus 28-31, memory 2g
    GOGC=100 GOMEMLIMIT=2GiB

[1m==> run n1000-obs-on-r01: m0 window, 0 session(s)[0m
    cgroup: /sys/fs/cgroup/system.slice/docker-e1ad1732a654e865b6c5799e44b78375bb46ddca425aa16454410490964423e0.scope
    TLS boundary: outside (0 listeners, plaintext yes, TLS handshake refused)
    warm-up: 200 full-page loads from the driver cpuset
    settling 240 s, then sampling 60 times at 1 Hz

[1m==> run n1000-obs-on-r01: mn window, 1000 session(s)[0m
    cgroup: /sys/fs/cgroup/system.slice/docker-1030f3a9b0df020ab1424f54e0bf0d806bdaacc24f23d10ac8ed4863235b1fe4.scope
    TLS boundary: outside (0 listeners, plaintext yes, TLS handshake refused)
    warm-up: 200 full-page loads from the driver cpuset
    established: 1000 idle sessions
    settling 240 s, then sampling 60 times at 1 Hz
    wrote /tmp/g2c2/scratch.aWOGNR/n1000-obs-on-r01/run.json

[1m==> cell n1000-obs-on complete: /tmp/g2c2/scratch.aWOGNR[0m
compute the figure with:
  docker run --rm -v "/tmp/g2c2/head/gotth-live:/w" -v "/tmp/g2c2/scratch.aWOGNR:/cell" -w /w/test/memory dis-gotth-live:latest \
      bash -c 'go run ./cmd/memstat -cell /cell'
--- c2 step07: arm=head done 2026-08-05T05:28:58+00:00 -> /tmp/g2c2/cells/c2-head-obson/step07 load=3.48 3.47 4.07
--- c2 step08: arm=cur obs=on tree=/tmp/g2c2/cur/gotth-live 2026-08-05T05:28:58+00:00 load=3.48 3.47 4.07
--- c2 step08: containers=20 steam_netio=245MB / 472MB steam_cpu=369.84%

[1m==> building memsrv and memdrv into /tmp/g2-bin.O0PTQJEB (outside the measured container)[0m
go: downloading go.opentelemetry.io/otel/sdk v1.45.0
go: downloading go.opentelemetry.io/otel/trace v1.45.0
go: downloading go.opentelemetry.io/otel/sdk/metric v1.45.0
go: downloading go.opentelemetry.io/otel/metric v1.45.0
go: downloading go.opentelemetry.io/otel v1.45.0
go: downloading github.com/coder/websocket v1.8.15
go: downloading github.com/google/uuid v1.6.0
go: downloading golang.org/x/sys v0.47.0
go: downloading github.com/cespare/xxhash/v2 v2.3.0
go: downloading github.com/go-logr/logr v1.4.4
go: downloading go.opentelemetry.io/auto/sdk v1.2.1
go: downloading github.com/go-logr/stdr v1.2.2

[1m==> cell n1000-obs-on: 1 run(s), N=1000, settle 240 s, window 60 s[0m
    image dis-gotth-live:latest (sha256:e146d50d5de6cb0cf179302017b7f314272c75371b4000eb82e1b3478b38d317)
    git unknown (dirty=true)
    sut cpus 24-27 (4 cores), driver cpus 28-31, memory 2g
    GOGC=100 GOMEMLIMIT=2GiB

[1m==> run n1000-obs-on-r01: m0 window, 0 session(s)[0m
    cgroup: /sys/fs/cgroup/system.slice/docker-104fbd92614d7967445395a386308227cf81fba468654f4cbf08d6eef095d665.scope
    TLS boundary: outside (0 listeners, plaintext yes, TLS handshake refused)
    warm-up: 200 full-page loads from the driver cpuset
    settling 240 s, then sampling 60 times at 1 Hz

[1m==> run n1000-obs-on-r01: mn window, 1000 session(s)[0m
    cgroup: /sys/fs/cgroup/system.slice/docker-1a3f07c28459b1b363e276bc23fd3696e21ce32b0d08a3daf7d1c1435b91290b.scope
    TLS boundary: outside (0 listeners, plaintext yes, TLS handshake refused)
    warm-up: 200 full-page loads from the driver cpuset
    established: 1000 idle sessions
    settling 240 s, then sampling 60 times at 1 Hz
    wrote /tmp/g2c2/scratch.PKMLan/n1000-obs-on-r01/run.json

[1m==> cell n1000-obs-on complete: /tmp/g2c2/scratch.PKMLan[0m
compute the figure with:
  docker run --rm -v "/tmp/g2c2/cur/gotth-live:/w" -v "/tmp/g2c2/scratch.PKMLan:/cell" -w /w/test/memory dis-gotth-live:latest \
      bash -c 'go run ./cmd/memstat -cell /cell'
--- c2 step08: arm=cur done 2026-08-05T05:39:42+00:00 -> /tmp/g2c2/cells/c2-cur-obson/step08 load=2.60 3.24 3.86
--- c2 step09: arm=head obs=on tree=/tmp/g2c2/head/gotth-live 2026-08-05T05:39:42+00:00 load=2.60 3.24 3.86
--- c2 step09: containers=20 steam_netio=245MB / 473MB steam_cpu=363.57%

[1m==> building memsrv and memdrv into /tmp/g2-bin.oH3eB3qA (outside the measured container)[0m
go: downloading go.opentelemetry.io/otel/sdk v1.45.0
go: downloading go.opentelemetry.io/otel/trace v1.45.0
go: downloading go.opentelemetry.io/otel/sdk/metric v1.45.0
go: downloading go.opentelemetry.io/otel/metric v1.45.0
go: downloading go.opentelemetry.io/otel v1.45.0
go: downloading github.com/coder/websocket v1.8.15
go: downloading github.com/cespare/xxhash/v2 v2.3.0
go: downloading go.opentelemetry.io/auto/sdk v1.2.1
go: downloading github.com/go-logr/stdr v1.2.2
go: downloading github.com/go-logr/logr v1.4.4
go: downloading github.com/google/uuid v1.6.0
go: downloading golang.org/x/sys v0.47.0

[1m==> cell n1000-obs-on: 1 run(s), N=1000, settle 240 s, window 60 s[0m
    image dis-gotth-live:latest (sha256:e146d50d5de6cb0cf179302017b7f314272c75371b4000eb82e1b3478b38d317)
    git unknown (dirty=true)
    sut cpus 24-27 (4 cores), driver cpus 28-31, memory 2g
    GOGC=100 GOMEMLIMIT=2GiB

[1m==> run n1000-obs-on-r01: m0 window, 0 session(s)[0m
    cgroup: /sys/fs/cgroup/system.slice/docker-4a1d73dab55a6471332791a3fda7dd68d1d6b98fc62b22fc86126a4853a0a47f.scope
    TLS boundary: outside (0 listeners, plaintext yes, TLS handshake refused)
    warm-up: 200 full-page loads from the driver cpuset
    settling 240 s, then sampling 60 times at 1 Hz

[1m==> run n1000-obs-on-r01: mn window, 1000 session(s)[0m
    cgroup: /sys/fs/cgroup/system.slice/docker-5c50cd6a423ffc69f3257f7f1013a6144e1499bdec46b677830856a9582c4c8b.scope
    TLS boundary: outside (0 listeners, plaintext yes, TLS handshake refused)
    warm-up: 200 full-page loads from the driver cpuset
    established: 1000 idle sessions
    settling 240 s, then sampling 60 times at 1 Hz
    wrote /tmp/g2c2/scratch.vQFk9p/n1000-obs-on-r01/run.json

[1m==> cell n1000-obs-on complete: /tmp/g2c2/scratch.vQFk9p[0m
compute the figure with:
  docker run --rm -v "/tmp/g2c2/head/gotth-live:/w" -v "/tmp/g2c2/scratch.vQFk9p:/cell" -w /w/test/memory dis-gotth-live:latest \
      bash -c 'go run ./cmd/memstat -cell /cell'
--- c2 step09: arm=head done 2026-08-05T05:50:25+00:00 -> /tmp/g2c2/cells/c2-head-obson/step09 load=5.79 4.56 4.21
--- c2 step10: arm=cur obs=on tree=/tmp/g2c2/cur/gotth-live 2026-08-05T05:50:25+00:00 load=5.79 4.56 4.21
--- c2 step10: containers=20 steam_netio=245MB / 474MB steam_cpu=378.76%

[1m==> building memsrv and memdrv into /tmp/g2-bin.nyExnyy8 (outside the measured container)[0m
go: downloading go.opentelemetry.io/otel/trace v1.45.0
go: downloading go.opentelemetry.io/otel/sdk/metric v1.45.0
go: downloading go.opentelemetry.io/otel/sdk v1.45.0
go: downloading go.opentelemetry.io/otel/metric v1.45.0
go: downloading github.com/coder/websocket v1.8.15
go: downloading go.opentelemetry.io/otel v1.45.0
go: downloading github.com/cespare/xxhash/v2 v2.3.0
go: downloading github.com/go-logr/stdr v1.2.2
go: downloading github.com/go-logr/logr v1.4.4
go: downloading go.opentelemetry.io/auto/sdk v1.2.1
go: downloading github.com/google/uuid v1.6.0
go: downloading golang.org/x/sys v0.47.0

[1m==> cell n1000-obs-on: 1 run(s), N=1000, settle 240 s, window 60 s[0m
    image dis-gotth-live:latest (sha256:e146d50d5de6cb0cf179302017b7f314272c75371b4000eb82e1b3478b38d317)
    git unknown (dirty=true)
    sut cpus 24-27 (4 cores), driver cpus 28-31, memory 2g
    GOGC=100 GOMEMLIMIT=2GiB

[1m==> run n1000-obs-on-r01: m0 window, 0 session(s)[0m
    cgroup: /sys/fs/cgroup/system.slice/docker-f1a4b5bee8ad9596c1c16df5fbcb7b4d07faefd4e8460ad85fe3e6ad72e2a633.scope
    TLS boundary: outside (0 listeners, plaintext yes, TLS handshake refused)
    warm-up: 200 full-page loads from the driver cpuset
    settling 240 s, then sampling 60 times at 1 Hz

[1m==> run n1000-obs-on-r01: mn window, 1000 session(s)[0m
    cgroup: /sys/fs/cgroup/system.slice/docker-08b9353f16e2121c1291aee657b77cc8d9b5e84e57710c5027bad5ffdd67dd73.scope
    TLS boundary: outside (0 listeners, plaintext yes, TLS handshake refused)
    warm-up: 200 full-page loads from the driver cpuset
    established: 1000 idle sessions
    settling 240 s, then sampling 60 times at 1 Hz
    wrote /tmp/g2c2/scratch.xJrjrC/n1000-obs-on-r01/run.json

[1m==> cell n1000-obs-on complete: /tmp/g2c2/scratch.xJrjrC[0m
compute the figure with:
  docker run --rm -v "/tmp/g2c2/cur/gotth-live:/w" -v "/tmp/g2c2/scratch.xJrjrC:/cell" -w /w/test/memory dis-gotth-live:latest \
      bash -c 'go run ./cmd/memstat -cell /cell'
--- c2 step10: arm=cur done 2026-08-05T06:01:09+00:00 -> /tmp/g2c2/cells/c2-cur-obson/step10 load=3.84 4.76 4.55
=== c2 sequence complete 2026-08-05T06:01:09+00:00
--- c2 step11: arm=head obs=off tree=/tmp/g2c2/head/gotth-live 2026-08-05T06:01:09+00:00 load=3.84 4.76 4.55
--- c2 step11: containers=20 steam_netio=245MB / 474MB steam_cpu=376.66%

[1m==> building memsrv and memdrv into /tmp/g2-bin.e9Xb82bZ (outside the measured container)[0m
go: downloading go.opentelemetry.io/otel/trace v1.45.0
go: downloading go.opentelemetry.io/otel/sdk/metric v1.45.0
go: downloading go.opentelemetry.io/otel/sdk v1.45.0
go: downloading go.opentelemetry.io/otel/metric v1.45.0
go: downloading go.opentelemetry.io/otel v1.45.0
go: downloading github.com/coder/websocket v1.8.15
go: downloading github.com/cespare/xxhash/v2 v2.3.0
go: downloading github.com/go-logr/stdr v1.2.2
go: downloading go.opentelemetry.io/auto/sdk v1.2.1
go: downloading github.com/go-logr/logr v1.4.4
go: downloading github.com/google/uuid v1.6.0
go: downloading golang.org/x/sys v0.47.0

[1m==> cell n1000-obs-off: 1 run(s), N=1000, settle 240 s, window 60 s[0m
    image dis-gotth-live:latest (sha256:e146d50d5de6cb0cf179302017b7f314272c75371b4000eb82e1b3478b38d317)
    git unknown (dirty=true)
    sut cpus 24-27 (4 cores), driver cpus 28-31, memory 2g
    GOGC=100 GOMEMLIMIT=2GiB

[1m==> run n1000-obs-off-r01: m0 window, 0 session(s)[0m
    cgroup: /sys/fs/cgroup/system.slice/docker-7c43d16b46325091784d0ece63e3b50bf571fef5feacad51fc2d18a2af5b7af3.scope
    TLS boundary: outside (0 listeners, plaintext yes, TLS handshake refused)
    warm-up: 200 full-page loads from the driver cpuset
    settling 240 s, then sampling 60 times at 1 Hz

[1m==> run n1000-obs-off-r01: mn window, 1000 session(s)[0m
    cgroup: /sys/fs/cgroup/system.slice/docker-d08c13787c8ddf79d78206f9487b0723e41801cc56284f5816a0ae8fa18e5c4e.scope
    TLS boundary: outside (0 listeners, plaintext yes, TLS handshake refused)
    warm-up: 200 full-page loads from the driver cpuset
    established: 1000 idle sessions
    settling 240 s, then sampling 60 times at 1 Hz
    wrote /tmp/g2c2/scratch.wbQAAk/n1000-obs-off-r01/run.json

[1m==> cell n1000-obs-off complete: /tmp/g2c2/scratch.wbQAAk[0m
compute the figure with:
  docker run --rm -v "/tmp/g2c2/head/gotth-live:/w" -v "/tmp/g2c2/scratch.wbQAAk:/cell" -w /w/test/memory dis-gotth-live:latest \
      bash -c 'go run ./cmd/memstat -cell /cell'
--- c2 step11: arm=head done 2026-08-05T06:11:52+00:00 -> /tmp/g2c2/cells/c2-head-obsoff/step11 load=4.14 3.49 3.94
--- c2 step12: arm=head obs=off tree=/tmp/g2c2/head/gotth-live 2026-08-05T06:11:52+00:00 load=4.14 3.49 3.94
--- c2 step12: containers=20 steam_netio=245MB / 475MB steam_cpu=377.01%

[1m==> building memsrv and memdrv into /tmp/g2-bin.kAUYZuF8 (outside the measured container)[0m
go: downloading go.opentelemetry.io/otel/sdk/metric v1.45.0
go: downloading go.opentelemetry.io/otel/sdk v1.45.0
go: downloading go.opentelemetry.io/otel/trace v1.45.0
go: downloading go.opentelemetry.io/otel/metric v1.45.0
go: downloading go.opentelemetry.io/otel v1.45.0
go: downloading github.com/coder/websocket v1.8.15
go: downloading github.com/cespare/xxhash/v2 v2.3.0
go: downloading github.com/go-logr/logr v1.4.4
go: downloading github.com/go-logr/stdr v1.2.2
go: downloading go.opentelemetry.io/auto/sdk v1.2.1
go: downloading github.com/google/uuid v1.6.0
go: downloading golang.org/x/sys v0.47.0

[1m==> cell n1000-obs-off: 1 run(s), N=1000, settle 240 s, window 60 s[0m
    image dis-gotth-live:latest (sha256:e146d50d5de6cb0cf179302017b7f314272c75371b4000eb82e1b3478b38d317)
    git unknown (dirty=true)
    sut cpus 24-27 (4 cores), driver cpus 28-31, memory 2g
    GOGC=100 GOMEMLIMIT=2GiB

[1m==> run n1000-obs-off-r01: m0 window, 0 session(s)[0m
    cgroup: /sys/fs/cgroup/system.slice/docker-51f5b6114c4e3af878884c12b2ee25c9e3089e3d7d012b62166b7d74c8c7fb19.scope
    TLS boundary: outside (0 listeners, plaintext yes, TLS handshake refused)
    warm-up: 200 full-page loads from the driver cpuset
    settling 240 s, then sampling 60 times at 1 Hz

[1m==> run n1000-obs-off-r01: mn window, 1000 session(s)[0m
    cgroup: /sys/fs/cgroup/system.slice/docker-979ca2fffdace62ff2bea8d95d85f167ee454b9359a18c6f0c519540349bfc0e.scope
    TLS boundary: outside (0 listeners, plaintext yes, TLS handshake refused)
    warm-up: 200 full-page loads from the driver cpuset
    established: 1000 idle sessions
    settling 240 s, then sampling 60 times at 1 Hz
    wrote /tmp/g2c2/scratch.1U2aGl/n1000-obs-off-r01/run.json

[1m==> cell n1000-obs-off complete: /tmp/g2c2/scratch.1U2aGl[0m
compute the figure with:
  docker run --rm -v "/tmp/g2c2/head/gotth-live:/w" -v "/tmp/g2c2/scratch.1U2aGl:/cell" -w /w/test/memory dis-gotth-live:latest \
      bash -c 'go run ./cmd/memstat -cell /cell'
--- c2 step12: arm=head done 2026-08-05T06:22:36+00:00 -> /tmp/g2c2/cells/c2-head-obsoff/step12 load=3.15 3.61 3.96
=== c2 sequence complete 2026-08-05T06:22:36+00:00
